// Jest Snapshot v1, https://goo.gl/fbAQLP

exports[`An addres component should also match the snapshot 1`] = `
<Address
  city="Emerald City"
  person="Joe Smith"
  state="VT"
  street="123 Cupcake lane"
  zip="05445"
>
  <address>
    <div
      type="person"
    >
      Joe Smith
    </div>
    <div
      type="street"
    >
      123 Cupcake lane
    </div>
    <div
      type="city"
    >
      Emerald City
    </div>
    <div
      type="state"
    >
      VT
    </div>
    <div
      type="zip"
    >
      05445
    </div>
  </address>
</Address>
`;
