// Jest Snapshot v1, https://goo.gl/fbAQLP

exports[`App should match the snapshot 1`] = `
<App>
  <BrowserRouter>
    <Router
      history={
        Object {
          "action": "POP",
          "block": [Function],
          "createHref": [Function],
          "go": [Function],
          "goBack": [Function],
          "goForward": [Function],
          "length": 1,
          "listen": [Function],
          "location": Object {
            "hash": "",
            "pathname": "/",
            "search": "",
            "state": undefined,
          },
          "push": [Function],
          "replace": [Function],
        }
      }
    >
      <div>
        <Route
          component={[Function]}
          exact={true}
          path="/"
        >
          <ComponentOne
            history={
              Object {
                "action": "POP",
                "block": [Function],
                "createHref": [Function],
                "go": [Function],
                "goBack": [Function],
                "goForward": [Function],
                "length": 1,
                "listen": [Function],
                "location": Object {
                  "hash": "",
                  "pathname": "/",
                  "search": "",
                  "state": undefined,
                },
                "push": [Function],
                "replace": [Function],
              }
            }
            location={
              Object {
                "hash": "",
                "pathname": "/",
                "search": "",
                "state": undefined,
              }
            }
            match={
              Object {
                "isExact": true,
                "params": Object {},
                "path": "/",
                "url": "/",
              }
            }
          >
            <div
              className="container"
            >
              <Header>
                <h3
                  className="display-5"
                >
                  Component One
                </h3>
              </Header>
              <Nav
                item="/one"
              >
                <div>
                  <ul
                    className="nav nav-pills mt-4 mb-4"
                  >
                    <li
                      className="nav-item"
                      key="One"
                    >
                      <a
                        className="nav-link active"
                        href="#"
                      >
                        One
                      </a>
                    </li>
                    <li
                      className="nav-item"
                      key="Address"
                    >
                      <Link
                        className="nav-link"
                        to="/address"
                      >
                        <a
                          className="nav-link"
                          href="/address"
                          onClick={[Function]}
                        >
                          Address
                        </a>
                      </Link>
                    </li>
                    <li
                      className="nav-item"
                      key="Sign Up"
                    >
                      <Link
                        className="nav-link"
                        to="/signup"
                      >
                        <a
                          className="nav-link"
                          href="/signup"
                          onClick={[Function]}
                        >
                          Sign Up
                        </a>
                      </Link>
                    </li>
                    <li
                      className="nav-item"
                      key="Planets"
                    >
                      <Link
                        className="nav-link"
                        to="/planets"
                      >
                        <a
                          className="nav-link"
                          href="/planets"
                          onClick={[Function]}
                        >
                          Planets
                        </a>
                      </Link>
                    </li>
                  </ul>
                </div>
              </Nav>
              <p
                className="lead"
              >
                Nulla lacus justo semper commodo nullam etiam, porta ipsum nonummy.
              </p>
              <hr
                className="my-4"
              />
              <p>
                Pretium fusce fusce, faucibus etiam ligula, orci pretium ut quam aliquam sociis, arcu luctus. Donec vel lectus quisque vel, libero lorem ac velit quisque bibendum pede, justo imperdiet nullam magna, faucibus euismod dolor. Suscipit dolor id cras maecenas. Nulla lacus justo semper commodo nullam etiam, porta ipsum nonummy ut nunc interdum, tincidunt mi urna cras, et et at aenean mollis morbi odio, ornare eu sagittis.
              </p>
            </div>
          </ComponentOne>
        </Route>
        <Route
          component={[Function]}
          path="/one"
        />
        <Route
          component={[Function]}
          path="/address"
        />
        <Route
          component={[Function]}
          path="/signup"
        />
        <Route
          component={[Function]}
          path="/planets"
        />
      </div>
    </Router>
  </BrowserRouter>
</App>
`;
